// Jest Snapshot v1, https://goo.gl/fbAQLP

exports[`Component: PageRoot renders correctly 1`] = `
<div
  className="PageRoot-root-1"
>
  Testing
</div>
`;
