// Jest Snapshot v1, https://goo.gl/fbAQLP

exports[`Component: Select renders correctly 1`] = `
<div
  className="MuiFormControl-root-1"
>
  <label
    className="MuiFormLabel-root-16 MuiFormLabel-filled-20 MuiInputLabel-root-5 MuiInputLabel-formControl-10 MuiInputLabel-animated-13 MuiInputLabel-shrink-12"
    data-shrink={true}
    htmlFor="Testing"
  >
    Testing
  </label>
  <div
    className="MuiInputBase-root-43 MuiInput-root-30 MuiInput-underline-34 MuiInputBase-formControl-44 MuiInput-formControl-31"
    onClick={[Function]}
  >
    <div
      className="MuiSelect-root-23"
    >
      <div
        aria-haspopup="true"
        aria-pressed="false"
        className="MuiSelect-select-24 MuiSelect-selectMenu-27 MuiInputBase-input-53 MuiInput-input-38"
        id="select-Testing"
        onBlur={[Function]}
        onClick={[Function]}
        onFocus={[Function]}
        onKeyDown={[Function]}
        role="button"
        tabIndex={0}
      >
        test
      </div>
      <input
        id="Testing"
        name="Testing"
        type="hidden"
        value="test"
      />
      <svg
        aria-hidden="true"
        className="MuiSvgIcon-root-60 MuiSelect-icon-29"
        focusable="false"
        role="presentation"
        viewBox="0 0 24 24"
      >
        <path
          d="M7 10l5 5 5-5z"
        />
      </svg>
    </div>
  </div>
</div>
`;
