// Jest Snapshot v1, https://goo.gl/fbAQLP

exports[`Page: Login renders correctly 1`] = `
<div
  className="Login-root-5"
>
  <form
    onSubmit={[Function]}
  >
    <h1
      className="MuiTypography-root-7 MuiTypography-h1-19 Login-header-3"
    >
      Login
    </h1>
    <div
      className="MuiFormControl-root-43 Login-input-4"
    >
      <label
        className="MuiFormLabel-root-58 MuiInputLabel-root-47 MuiInputLabel-formControl-52 MuiInputLabel-animated-55"
        data-shrink={false}
      >
        Email
      </label>
      <div
        className="MuiInputBase-root-78 MuiInput-root-65 MuiInput-underline-69 MuiInputBase-formControl-79 MuiInput-formControl-66"
        onClick={[Function]}
      >
        <input
          aria-invalid={false}
          className="MuiInputBase-input-88 MuiInput-input-73"
          disabled={false}
          onBlur={[Function]}
          onChange={[Function]}
          onFocus={[Function]}
          required={false}
          type="text"
          value=""
        />
      </div>
    </div>
    <div
      className="MuiFormControl-root-43 Login-input-4"
    >
      <label
        className="MuiFormLabel-root-58 MuiInputLabel-root-47 MuiInputLabel-formControl-52 MuiInputLabel-animated-55"
        data-shrink={false}
      >
        Password
      </label>
      <div
        className="MuiInputBase-root-78 MuiInput-root-65 MuiInput-underline-69 MuiInputBase-formControl-79 MuiInput-formControl-66"
        onClick={[Function]}
      >
        <input
          aria-invalid={false}
          className="MuiInputBase-input-88 MuiInput-input-73 MuiInputBase-inputType-91 MuiInput-inputType-76"
          disabled={false}
          onBlur={[Function]}
          onChange={[Function]}
          onFocus={[Function]}
          required={false}
          type="password"
          value=""
        />
      </div>
    </div>
    <div
      className="submitWrapper"
    >
      <button
        className="MuiButtonBase-root-121 MuiButton-root-95 MuiButton-text-97 MuiButton-flat-100"
        disabled={false}
        onBlur={[Function]}
        onContextMenu={[Function]}
        onFocus={[Function]}
        onKeyDown={[Function]}
        onKeyUp={[Function]}
        onMouseDown={[Function]}
        onMouseLeave={[Function]}
        onMouseUp={[Function]}
        onTouchEnd={[Function]}
        onTouchMove={[Function]}
        onTouchStart={[Function]}
        tabIndex="0"
        type="submit"
      >
        <span
          className="MuiButton-label-96"
        >
          Submit
        </span>
        <span
          className="MuiTouchRipple-root-124"
        />
      </button>
    </div>
  </form>
</div>
`;
